// Jest Snapshot v1, https://goo.gl/fbAQLP

exports[`DefaultLayout Component renders correctly with all components 1`] = `
<div>
  <div
    class="MuiBox-root css-zf0iqh"
  >
    <div
      data-testid="navbar"
    >
      Mock Navbar
    </div>
    <div
      class="main-content MuiBox-root css-i9gxme"
    >
      <div
        data-testid="main-content"
      >
        Main Content
      </div>
    </div>
    <div
      data-testid="footer"
    >
      Mock Footer
    </div>
  </div>
</div>
`;
