// Jest Snapshot v1, https://goo.gl/fbAQLP

exports[`<TiptapEditor  /> should match snapshot 1`] = `
Object {
  "asFragment": [Function],
  "baseElement": <body>
    <div>
      <div
        class="MuiBox-root css-17p3yxm"
      >
        <div
          class="MuiBox-root css-1dr59fg"
        >
          <div
            class="MuiInputBase-root MuiOutlinedInput-root MuiInputBase-colorPrimary MuiInputBase-fullWidth MuiInputBase-sizeSmall editor-menu-item css-vtys0s-MuiInputBase-root-MuiOutlinedInput-root-MuiSelect-root"
          >
            <div
              aria-controls=":r0:"
              aria-expanded="false"
              aria-haspopup="listbox"
              aria-labelledby="Font-label mui-component-select-Font"
              class="MuiSelect-select MuiSelect-outlined MuiInputBase-input MuiOutlinedInput-input MuiInputBase-inputSizeSmall css-jedpe8-MuiSelect-select-MuiInputBase-input-MuiOutlinedInput-input"
              id="mui-component-select-Font"
              role="combobox"
              tabindex="0"
            >
              <div
                style="display: flex;"
              >
                <div>
                  <span
                    style="font-family: \\"Roboto\\", \\"Helvetica\\", \\"Arial\\", sans-serif;"
                  >
                    "Roboto", "Helvetica", "Arial", sans-serif
                  </span>
                </div>
              </div>
            </div>
            <input
              aria-hidden="true"
              aria-invalid="false"
              class="MuiSelect-nativeInput css-yf8vq0-MuiSelect-nativeInput"
              name="Font"
              style="font-family: \\"Roboto\\", \\"Helvetica\\", \\"Arial\\", sans-serif; font-size: 0.875rem;"
              tabindex="-1"
              value="\\"Roboto\\", \\"Helvetica\\", \\"Arial\\", sans-serif"
            />
            <svg
              aria-hidden="true"
              class="MuiSvgIcon-root MuiSvgIcon-fontSizeMedium MuiSelect-icon MuiSelect-iconOutlined css-hfutr2-MuiSvgIcon-root-MuiSelect-icon"
              data-testid="ArrowDropDownIcon"
              focusable="false"
              viewBox="0 0 24 24"
            >
              <path
                d="M7 10l5 5 5-5z"
              />
            </svg>
            <fieldset
              aria-hidden="true"
              class="MuiOutlinedInput-notchedOutline css-1d3z3hw-MuiOutlinedInput-notchedOutline"
            >
              <legend
                class="css-ihdtdm"
              >
                <span
                  class="notranslate"
                >
                  ​
                </span>
              </legend>
            </fieldset>
          </div>
          <div
            class="MuiInputBase-root MuiOutlinedInput-root MuiInputBase-colorPrimary MuiInputBase-fullWidth MuiInputBase-sizeSmall editor-menu-item css-vtys0s-MuiInputBase-root-MuiOutlinedInput-root-MuiSelect-root"
          >
            <div
              aria-controls=":r1:"
              aria-expanded="false"
              aria-haspopup="listbox"
              aria-labelledby="Heading-label mui-component-select-Heading"
              class="MuiSelect-select MuiSelect-outlined MuiInputBase-input MuiOutlinedInput-input MuiInputBase-inputSizeSmall css-jedpe8-MuiSelect-select-MuiInputBase-input-MuiOutlinedInput-input"
              id="mui-component-select-Heading"
              role="combobox"
              tabindex="0"
            >
              <div
                style="display: flex;"
              >
                <div>
                  Normal Text
                </div>
              </div>
            </div>
            <input
              aria-hidden="true"
              aria-invalid="false"
              class="MuiSelect-nativeInput css-yf8vq0-MuiSelect-nativeInput"
              name="Heading"
              style="font-family: \\"Roboto\\", \\"Helvetica\\", \\"Arial\\", sans-serif; font-size: 0.875rem;"
              tabindex="-1"
              value="7"
            />
            <svg
              aria-hidden="true"
              class="MuiSvgIcon-root MuiSvgIcon-fontSizeMedium MuiSelect-icon MuiSelect-iconOutlined css-hfutr2-MuiSvgIcon-root-MuiSelect-icon"
              data-testid="ArrowDropDownIcon"
              focusable="false"
              viewBox="0 0 24 24"
            >
              <path
                d="M7 10l5 5 5-5z"
              />
            </svg>
            <fieldset
              aria-hidden="true"
              class="MuiOutlinedInput-notchedOutline css-1d3z3hw-MuiOutlinedInput-notchedOutline"
            >
              <legend
                class="css-ihdtdm"
              >
                <span
                  class="notranslate"
                >
                  ​
                </span>
              </legend>
            </fieldset>
          </div>
          <hr
            class="MuiDivider-root MuiDivider-middle MuiDivider-vertical MuiDivider-flexItem menu-divider css-16bghm4-MuiDivider-root"
          />
          <svg
            aria-hidden="true"
            class="MuiSvgIcon-root MuiSvgIcon-fontSizeMedium editor-menu-item css-i4bv87-MuiSvgIcon-root"
            data-testid="FormatBoldIcon"
            focusable="false"
            viewBox="0 0 24 24"
          >
            <path
              d="M15.6 10.79c.97-.67 1.65-1.77 1.65-2.79 0-2.26-1.75-4-4-4H7v14h7.04c2.09 0 3.71-1.7 3.71-3.79 0-1.52-.86-2.82-2.15-3.42M10 6.5h3c.83 0 1.5.67 1.5 1.5s-.67 1.5-1.5 1.5h-3zm3.5 9H10v-3h3.5c.83 0 1.5.67 1.5 1.5s-.67 1.5-1.5 1.5"
            />
          </svg>
          <svg
            aria-hidden="true"
            class="MuiSvgIcon-root MuiSvgIcon-fontSizeMedium editor-menu-item css-i4bv87-MuiSvgIcon-root"
            data-testid="FormatItalicIcon"
            focusable="false"
            viewBox="0 0 24 24"
          >
            <path
              d="M10 4v3h2.21l-3.42 8H6v3h8v-3h-2.21l3.42-8H18V4z"
            />
          </svg>
          <svg
            aria-hidden="true"
            class="MuiSvgIcon-root MuiSvgIcon-fontSizeMedium editor-menu-item css-i4bv87-MuiSvgIcon-root"
            data-testid="FormatUnderlinedRoundedIcon"
            focusable="false"
            viewBox="0 0 24 24"
          >
            <path
              d="M12.79 16.95c3.03-.39 5.21-3.11 5.21-6.16V4.25C18 3.56 17.44 3 16.75 3s-1.25.56-1.25 1.25v6.65c0 1.67-1.13 3.19-2.77 3.52-2.25.47-4.23-1.25-4.23-3.42V4.25C8.5 3.56 7.94 3 7.25 3S6 3.56 6 4.25V11c0 3.57 3.13 6.42 6.79 5.95M5 20c0 .55.45 1 1 1h12c.55 0 1-.45 1-1s-.45-1-1-1H6c-.55 0-1 .45-1 1"
            />
          </svg>
          <hr
            class="MuiDivider-root MuiDivider-middle MuiDivider-vertical MuiDivider-flexItem menu-divider css-16bghm4-MuiDivider-root"
          />
          <span>
            <svg
              aria-hidden="true"
              class="MuiSvgIcon-root MuiSvgIcon-fontSizeMedium editor-menu-item css-i4bv87-MuiSvgIcon-root"
              data-testid="FormatColorTextIcon"
              focusable="false"
              viewBox="0 0 24 24"
            >
              <path
                d="M2 20h20v4H2zm3.49-3h2.42l1.27-3.58h5.65L16.09 17h2.42L13.25 3h-2.5zm4.42-5.61 2.03-5.79h.12l2.03 5.79z"
              />
            </svg>
          </span>
          <span>
            <svg
              aria-hidden="true"
              class="MuiSvgIcon-root MuiSvgIcon-fontSizeMedium editor-menu-item css-i4bv87-MuiSvgIcon-root"
              data-testid="FormatColorFillRoundedIcon"
              focusable="false"
              viewBox="0 0 24 24"
            >
              <path
                d="M8.94 16.56c.29.29.68.44 1.06.44s.77-.15 1.06-.44l5.5-5.5c.59-.58.59-1.53 0-2.12L8.32.7a.9959.9959 0 0 0-1.41 0c-.39.39-.39 1.02 0 1.41l1.68 1.68-5.15 5.15c-.59.59-.59 1.54 0 2.12zM10 5.21 14.79 10H5.21zM19 17c1.1 0 2-.9 2-2 0-1.33-2-3.5-2-3.5s-2 2.17-2 3.5c0 1.1.9 2 2 2m1 3H4c-1.1 0-2 .9-2 2s.9 2 2 2h16c1.1 0 2-.9 2-2s-.9-2-2-2"
              />
            </svg>
          </span>
          <hr
            class="MuiDivider-root MuiDivider-middle MuiDivider-vertical MuiDivider-flexItem menu-divider css-16bghm4-MuiDivider-root"
          />
          <svg
            aria-hidden="true"
            class="MuiSvgIcon-root MuiSvgIcon-fontSizeMedium editor-menu-item css-i4bv87-MuiSvgIcon-root"
            data-testid="CodeIcon"
            focusable="false"
            viewBox="0 0 24 24"
          >
            <path
              d="M9.4 16.6 4.8 12l4.6-4.6L8 6l-6 6 6 6zm5.2 0 4.6-4.6-4.6-4.6L16 6l6 6-6 6z"
            />
          </svg>
          <svg
            aria-hidden="true"
            class="MuiSvgIcon-root MuiSvgIcon-fontSizeMedium editor-menu-item css-i4bv87-MuiSvgIcon-root"
            data-testid="DeveloperModeRoundedIcon"
            focusable="false"
            viewBox="0 0 24 24"
          >
            <path
              d="M7 5h10v1c0 .55.45 1 1 1s1-.45 1-1V3c0-1.1-.9-1.99-2-1.99L7 1c-1.1 0-2 .9-2 2v3c0 .55.45 1 1 1s1-.45 1-1zm9.12 10.88 3.17-3.17c.39-.39.39-1.02 0-1.41l-3.17-3.17c-.39-.39-1.03-.39-1.42 0-.39.39-.39 1.02 0 1.41L17.17 12l-2.47 2.47c-.39.39-.39 1.02 0 1.41.39.39 1.03.39 1.42 0m-6.83-1.42L6.83 12l2.46-2.46c.39-.39.39-1.02 0-1.41-.39-.39-1.03-.39-1.42 0L4.7 11.3c-.39.39-.39 1.02 0 1.41l3.17 3.17c.39.39 1.03.39 1.42 0 .4-.39.39-1.03 0-1.42M17 19H7v-1c0-.55-.45-1-1-1s-1 .45-1 1v3c0 1.1.9 2 2 2h10c1.1 0 2-.9 2-2v-3c0-.55-.45-1-1-1s-1 .45-1 1z"
            />
          </svg>
          <hr
            class="MuiDivider-root MuiDivider-middle MuiDivider-vertical MuiDivider-flexItem menu-divider css-16bghm4-MuiDivider-root"
          />
          <svg
            aria-hidden="true"
            class="MuiSvgIcon-root MuiSvgIcon-fontSizeMedium editor-menu-item css-i4bv87-MuiSvgIcon-root"
            data-testid="FormatAlignLeftRoundedIcon"
            focusable="false"
            viewBox="0 0 24 24"
          >
            <path
              d="M14 15H4c-.55 0-1 .45-1 1s.45 1 1 1h10c.55 0 1-.45 1-1s-.45-1-1-1m0-8H4c-.55 0-1 .45-1 1s.45 1 1 1h10c.55 0 1-.45 1-1s-.45-1-1-1M4 13h16c.55 0 1-.45 1-1s-.45-1-1-1H4c-.55 0-1 .45-1 1s.45 1 1 1m0 8h16c.55 0 1-.45 1-1s-.45-1-1-1H4c-.55 0-1 .45-1 1s.45 1 1 1M3 4c0 .55.45 1 1 1h16c.55 0 1-.45 1-1s-.45-1-1-1H4c-.55 0-1 .45-1 1"
            />
          </svg>
          <svg
            aria-hidden="true"
            class="MuiSvgIcon-root MuiSvgIcon-fontSizeMedium is-active editor-menu-item css-i4bv87-MuiSvgIcon-root"
            data-testid="FormatAlignLeftRoundedIcon"
            focusable="false"
            viewBox="0 0 24 24"
          >
            <path
              d="M14 15H4c-.55 0-1 .45-1 1s.45 1 1 1h10c.55 0 1-.45 1-1s-.45-1-1-1m0-8H4c-.55 0-1 .45-1 1s.45 1 1 1h10c.55 0 1-.45 1-1s-.45-1-1-1M4 13h16c.55 0 1-.45 1-1s-.45-1-1-1H4c-.55 0-1 .45-1 1s.45 1 1 1m0 8h16c.55 0 1-.45 1-1s-.45-1-1-1H4c-.55 0-1 .45-1 1s.45 1 1 1M3 4c0 .55.45 1 1 1h16c.55 0 1-.45 1-1s-.45-1-1-1H4c-.55 0-1 .45-1 1"
            />
          </svg>
          <svg
            aria-hidden="true"
            class="MuiSvgIcon-root MuiSvgIcon-fontSizeMedium editor-menu-item css-i4bv87-MuiSvgIcon-root"
            data-testid="FormatAlignCenterRoundedIcon"
            focusable="false"
            viewBox="0 0 24 24"
          >
            <path
              d="M7 16c0 .55.45 1 1 1h8c.55 0 1-.45 1-1s-.45-1-1-1H8c-.55 0-1 .45-1 1m-3 5h16c.55 0 1-.45 1-1s-.45-1-1-1H4c-.55 0-1 .45-1 1s.45 1 1 1m0-8h16c.55 0 1-.45 1-1s-.45-1-1-1H4c-.55 0-1 .45-1 1s.45 1 1 1m3-5c0 .55.45 1 1 1h8c.55 0 1-.45 1-1s-.45-1-1-1H8c-.55 0-1 .45-1 1M3 4c0 .55.45 1 1 1h16c.55 0 1-.45 1-1s-.45-1-1-1H4c-.55 0-1 .45-1 1"
            />
          </svg>
          <svg
            aria-hidden="true"
            class="MuiSvgIcon-root MuiSvgIcon-fontSizeMedium editor-menu-item css-i4bv87-MuiSvgIcon-root"
            data-testid="FormatAlignRightRoundedIcon"
            focusable="false"
            viewBox="0 0 24 24"
          >
            <path
              d="M4 21h16c.55 0 1-.45 1-1s-.45-1-1-1H4c-.55 0-1 .45-1 1s.45 1 1 1m6-4h10c.55 0 1-.45 1-1s-.45-1-1-1H10c-.55 0-1 .45-1 1s.45 1 1 1m-6-4h16c.55 0 1-.45 1-1s-.45-1-1-1H4c-.55 0-1 .45-1 1s.45 1 1 1m6-4h10c.55 0 1-.45 1-1s-.45-1-1-1H10c-.55 0-1 .45-1 1s.45 1 1 1M3 4c0 .55.45 1 1 1h16c.55 0 1-.45 1-1s-.45-1-1-1H4c-.55 0-1 .45-1 1"
            />
          </svg>
          <svg
            aria-hidden="true"
            class="MuiSvgIcon-root MuiSvgIcon-fontSizeMedium editor-menu-item css-i4bv87-MuiSvgIcon-root"
            data-testid="FormatAlignJustifyRoundedIcon"
            focusable="false"
            viewBox="0 0 24 24"
          >
            <path
              d="M4 21h16c.55 0 1-.45 1-1s-.45-1-1-1H4c-.55 0-1 .45-1 1s.45 1 1 1m0-4h16c.55 0 1-.45 1-1s-.45-1-1-1H4c-.55 0-1 .45-1 1s.45 1 1 1m0-4h16c.55 0 1-.45 1-1s-.45-1-1-1H4c-.55 0-1 .45-1 1s.45 1 1 1m0-4h16c.55 0 1-.45 1-1s-.45-1-1-1H4c-.55 0-1 .45-1 1s.45 1 1 1M3 4c0 .55.45 1 1 1h16c.55 0 1-.45 1-1s-.45-1-1-1H4c-.55 0-1 .45-1 1"
            />
          </svg>
          <hr
            class="MuiDivider-root MuiDivider-middle MuiDivider-vertical MuiDivider-flexItem menu-divider css-16bghm4-MuiDivider-root"
          />
          <svg
            aria-hidden="true"
            class="MuiSvgIcon-root MuiSvgIcon-fontSizeMedium editor-menu-item css-i4bv87-MuiSvgIcon-root"
            data-testid="FormatListBulletedIcon"
            focusable="false"
            viewBox="0 0 24 24"
          >
            <path
              d="M4 10.5c-.83 0-1.5.67-1.5 1.5s.67 1.5 1.5 1.5 1.5-.67 1.5-1.5-.67-1.5-1.5-1.5m0-6c-.83 0-1.5.67-1.5 1.5S3.17 7.5 4 7.5 5.5 6.83 5.5 6 4.83 4.5 4 4.5m0 12c-.83 0-1.5.68-1.5 1.5s.68 1.5 1.5 1.5 1.5-.68 1.5-1.5-.67-1.5-1.5-1.5M7 19h14v-2H7zm0-6h14v-2H7zm0-8v2h14V5z"
            />
          </svg>
          <svg
            aria-hidden="true"
            class="MuiSvgIcon-root MuiSvgIcon-fontSizeMedium editor-menu-item css-i4bv87-MuiSvgIcon-root"
            data-testid="FormatListNumberedIcon"
            focusable="false"
            viewBox="0 0 24 24"
          >
            <path
              d="M2 17h2v.5H3v1h1v.5H2v1h3v-4H2zm1-9h1V4H2v1h1zm-1 3h1.8L2 13.1v.9h3v-1H3.2L5 10.9V10H2zm5-6v2h14V5zm0 14h14v-2H7zm0-6h14v-2H7z"
            />
          </svg>
          <hr
            class="MuiDivider-root MuiDivider-middle MuiDivider-vertical MuiDivider-flexItem menu-divider css-16bghm4-MuiDivider-root"
          />
          <svg
            aria-hidden="true"
            class="MuiSvgIcon-root MuiSvgIcon-fontSizeMedium editor-menu-item css-i4bv87-MuiSvgIcon-root"
            data-testid="HorizontalRuleIcon"
            focusable="false"
            viewBox="0 0 24 24"
          >
            <path
              d="M4 11h16v2H4z"
              fill-rule="evenodd"
            />
          </svg>
          <svg
            aria-hidden="true"
            class="MuiSvgIcon-root MuiSvgIcon-fontSizeMedium editor-menu-item css-i4bv87-MuiSvgIcon-root"
            data-testid="InsertPageBreakOutlinedIcon"
            focusable="false"
            viewBox="0 0 24 24"
          >
            <path
              d="M18 20H6v-3H4v3c0 1.1.9 2 2 2h12c1.1 0 2-.9 2-2v-3h-2zM6 4h7v5h5v2h2V8l-6-6H6c-1.1 0-2 .9-2 2v7h2zm3 9h6v2H9zm8 0h6v2h-6zM1 13h6v2H1z"
            />
          </svg>
          <hr
            class="MuiDivider-root MuiDivider-middle MuiDivider-vertical MuiDivider-flexItem menu-divider css-16bghm4-MuiDivider-root"
          />
          <svg
            aria-hidden="true"
            class="MuiSvgIcon-root MuiSvgIcon-fontSizeMedium editor-menu-item css-i4bv87-MuiSvgIcon-root"
            data-testid="UndoIcon"
            focusable="false"
            viewBox="0 0 24 24"
          >
            <path
              d="M12.5 8c-2.65 0-5.05.99-6.9 2.6L2 7v9h9l-3.62-3.62c1.39-1.16 3.16-1.88 5.12-1.88 3.54 0 6.55 2.31 7.6 5.5l2.37-.78C21.08 11.03 17.15 8 12.5 8"
            />
          </svg>
          <svg
            aria-hidden="true"
            class="MuiSvgIcon-root MuiSvgIcon-fontSizeMedium editor-menu-item css-i4bv87-MuiSvgIcon-root"
            data-testid="RedoIcon"
            focusable="false"
            viewBox="0 0 24 24"
          >
            <path
              d="M18.4 10.6C16.55 8.99 14.15 8 11.5 8c-4.65 0-8.58 3.03-9.96 7.22L3.9 16c1.05-3.19 4.05-5.5 7.6-5.5 1.95 0 3.73.72 5.12 1.88L13 16h9V7z"
            />
          </svg>
          <hr
            class="MuiDivider-root MuiDivider-middle MuiDivider-vertical MuiDivider-flexItem menu-divider css-16bghm4-MuiDivider-root"
          />
          <span>
            <svg
              aria-hidden="true"
              class="MuiSvgIcon-root MuiSvgIcon-fontSizeMedium editor-menu-item css-i4bv87-MuiSvgIcon-root"
              data-testid="AddPhotoAlternateIcon"
              focusable="false"
              viewBox="0 0 24 24"
            >
              <path
                d="M19 7v2.99s-1.99.01-2 0V7h-3s.01-1.99 0-2h3V2h2v3h3v2zm-3 4V8h-3V5H5c-1.1 0-2 .9-2 2v12c0 1.1.9 2 2 2h12c1.1 0 2-.9 2-2v-8zM5 19l3-4 2 3 3-4 4 5z"
              />
            </svg>
          </span>
          <svg
            aria-hidden="true"
            class="MuiSvgIcon-root MuiSvgIcon-fontSizeMedium editor-menu-item css-i4bv87-MuiSvgIcon-root"
            data-testid="TableIcon"
            focusable="false"
            viewBox="0 0 24 24"
          >
            <path
              d="M4 21h15.893c1.103 0 2-.897 2-2V5c0-1.103-.897-2-2-2H4c-1.103 0-2 .897-2 2v14c0 1.103.897 2 2 2zm0-2v-5h4v5H4zM14 7v5h-4V7h4zM8 7v5H4V7h4zm2 12v-5h4v5h-4zm6 0v-5h3.894v5H16zm3.893-7H16V7h3.893v5z"
            />
          </svg>
        </div>
        <hr
          class="MuiDivider-root MuiDivider-fullWidth css-9mgopn-MuiDivider-root"
        />
        <div>
          <div
            class="tiptap ProseMirror"
            contenteditable="true"
            tabindex="0"
            translate="no"
          >
            <p
              class="is-empty is-editor-empty"
              data-placeholder="Can you add some further context?"
            >
              <br
                class="ProseMirror-trailingBreak"
              />
            </p>
          </div>
        </div>
      </div>
    </div>
  </body>,
  "container": <div>
    <div
      class="MuiBox-root css-17p3yxm"
    >
      <div
        class="MuiBox-root css-1dr59fg"
      >
        <div
          class="MuiInputBase-root MuiOutlinedInput-root MuiInputBase-colorPrimary MuiInputBase-fullWidth MuiInputBase-sizeSmall editor-menu-item css-vtys0s-MuiInputBase-root-MuiOutlinedInput-root-MuiSelect-root"
        >
          <div
            aria-controls=":r0:"
            aria-expanded="false"
            aria-haspopup="listbox"
            aria-labelledby="Font-label mui-component-select-Font"
            class="MuiSelect-select MuiSelect-outlined MuiInputBase-input MuiOutlinedInput-input MuiInputBase-inputSizeSmall css-jedpe8-MuiSelect-select-MuiInputBase-input-MuiOutlinedInput-input"
            id="mui-component-select-Font"
            role="combobox"
            tabindex="0"
          >
            <div
              style="display: flex;"
            >
              <div>
                <span
                  style="font-family: \\"Roboto\\", \\"Helvetica\\", \\"Arial\\", sans-serif;"
                >
                  "Roboto", "Helvetica", "Arial", sans-serif
                </span>
              </div>
            </div>
          </div>
          <input
            aria-hidden="true"
            aria-invalid="false"
            class="MuiSelect-nativeInput css-yf8vq0-MuiSelect-nativeInput"
            name="Font"
            style="font-family: \\"Roboto\\", \\"Helvetica\\", \\"Arial\\", sans-serif; font-size: 0.875rem;"
            tabindex="-1"
            value="\\"Roboto\\", \\"Helvetica\\", \\"Arial\\", sans-serif"
          />
          <svg
            aria-hidden="true"
            class="MuiSvgIcon-root MuiSvgIcon-fontSizeMedium MuiSelect-icon MuiSelect-iconOutlined css-hfutr2-MuiSvgIcon-root-MuiSelect-icon"
            data-testid="ArrowDropDownIcon"
            focusable="false"
            viewBox="0 0 24 24"
          >
            <path
              d="M7 10l5 5 5-5z"
            />
          </svg>
          <fieldset
            aria-hidden="true"
            class="MuiOutlinedInput-notchedOutline css-1d3z3hw-MuiOutlinedInput-notchedOutline"
          >
            <legend
              class="css-ihdtdm"
            >
              <span
                class="notranslate"
              >
                ​
              </span>
            </legend>
          </fieldset>
        </div>
        <div
          class="MuiInputBase-root MuiOutlinedInput-root MuiInputBase-colorPrimary MuiInputBase-fullWidth MuiInputBase-sizeSmall editor-menu-item css-vtys0s-MuiInputBase-root-MuiOutlinedInput-root-MuiSelect-root"
        >
          <div
            aria-controls=":r1:"
            aria-expanded="false"
            aria-haspopup="listbox"
            aria-labelledby="Heading-label mui-component-select-Heading"
            class="MuiSelect-select MuiSelect-outlined MuiInputBase-input MuiOutlinedInput-input MuiInputBase-inputSizeSmall css-jedpe8-MuiSelect-select-MuiInputBase-input-MuiOutlinedInput-input"
            id="mui-component-select-Heading"
            role="combobox"
            tabindex="0"
          >
            <div
              style="display: flex;"
            >
              <div>
                Normal Text
              </div>
            </div>
          </div>
          <input
            aria-hidden="true"
            aria-invalid="false"
            class="MuiSelect-nativeInput css-yf8vq0-MuiSelect-nativeInput"
            name="Heading"
            style="font-family: \\"Roboto\\", \\"Helvetica\\", \\"Arial\\", sans-serif; font-size: 0.875rem;"
            tabindex="-1"
            value="7"
          />
          <svg
            aria-hidden="true"
            class="MuiSvgIcon-root MuiSvgIcon-fontSizeMedium MuiSelect-icon MuiSelect-iconOutlined css-hfutr2-MuiSvgIcon-root-MuiSelect-icon"
            data-testid="ArrowDropDownIcon"
            focusable="false"
            viewBox="0 0 24 24"
          >
            <path
              d="M7 10l5 5 5-5z"
            />
          </svg>
          <fieldset
            aria-hidden="true"
            class="MuiOutlinedInput-notchedOutline css-1d3z3hw-MuiOutlinedInput-notchedOutline"
          >
            <legend
              class="css-ihdtdm"
            >
              <span
                class="notranslate"
              >
                ​
              </span>
            </legend>
          </fieldset>
        </div>
        <hr
          class="MuiDivider-root MuiDivider-middle MuiDivider-vertical MuiDivider-flexItem menu-divider css-16bghm4-MuiDivider-root"
        />
        <svg
          aria-hidden="true"
          class="MuiSvgIcon-root MuiSvgIcon-fontSizeMedium editor-menu-item css-i4bv87-MuiSvgIcon-root"
          data-testid="FormatBoldIcon"
          focusable="false"
          viewBox="0 0 24 24"
        >
          <path
            d="M15.6 10.79c.97-.67 1.65-1.77 1.65-2.79 0-2.26-1.75-4-4-4H7v14h7.04c2.09 0 3.71-1.7 3.71-3.79 0-1.52-.86-2.82-2.15-3.42M10 6.5h3c.83 0 1.5.67 1.5 1.5s-.67 1.5-1.5 1.5h-3zm3.5 9H10v-3h3.5c.83 0 1.5.67 1.5 1.5s-.67 1.5-1.5 1.5"
          />
        </svg>
        <svg
          aria-hidden="true"
          class="MuiSvgIcon-root MuiSvgIcon-fontSizeMedium editor-menu-item css-i4bv87-MuiSvgIcon-root"
          data-testid="FormatItalicIcon"
          focusable="false"
          viewBox="0 0 24 24"
        >
          <path
            d="M10 4v3h2.21l-3.42 8H6v3h8v-3h-2.21l3.42-8H18V4z"
          />
        </svg>
        <svg
          aria-hidden="true"
          class="MuiSvgIcon-root MuiSvgIcon-fontSizeMedium editor-menu-item css-i4bv87-MuiSvgIcon-root"
          data-testid="FormatUnderlinedRoundedIcon"
          focusable="false"
          viewBox="0 0 24 24"
        >
          <path
            d="M12.79 16.95c3.03-.39 5.21-3.11 5.21-6.16V4.25C18 3.56 17.44 3 16.75 3s-1.25.56-1.25 1.25v6.65c0 1.67-1.13 3.19-2.77 3.52-2.25.47-4.23-1.25-4.23-3.42V4.25C8.5 3.56 7.94 3 7.25 3S6 3.56 6 4.25V11c0 3.57 3.13 6.42 6.79 5.95M5 20c0 .55.45 1 1 1h12c.55 0 1-.45 1-1s-.45-1-1-1H6c-.55 0-1 .45-1 1"
          />
        </svg>
        <hr
          class="MuiDivider-root MuiDivider-middle MuiDivider-vertical MuiDivider-flexItem menu-divider css-16bghm4-MuiDivider-root"
        />
        <span>
          <svg
            aria-hidden="true"
            class="MuiSvgIcon-root MuiSvgIcon-fontSizeMedium editor-menu-item css-i4bv87-MuiSvgIcon-root"
            data-testid="FormatColorTextIcon"
            focusable="false"
            viewBox="0 0 24 24"
          >
            <path
              d="M2 20h20v4H2zm3.49-3h2.42l1.27-3.58h5.65L16.09 17h2.42L13.25 3h-2.5zm4.42-5.61 2.03-5.79h.12l2.03 5.79z"
            />
          </svg>
        </span>
        <span>
          <svg
            aria-hidden="true"
            class="MuiSvgIcon-root MuiSvgIcon-fontSizeMedium editor-menu-item css-i4bv87-MuiSvgIcon-root"
            data-testid="FormatColorFillRoundedIcon"
            focusable="false"
            viewBox="0 0 24 24"
          >
            <path
              d="M8.94 16.56c.29.29.68.44 1.06.44s.77-.15 1.06-.44l5.5-5.5c.59-.58.59-1.53 0-2.12L8.32.7a.9959.9959 0 0 0-1.41 0c-.39.39-.39 1.02 0 1.41l1.68 1.68-5.15 5.15c-.59.59-.59 1.54 0 2.12zM10 5.21 14.79 10H5.21zM19 17c1.1 0 2-.9 2-2 0-1.33-2-3.5-2-3.5s-2 2.17-2 3.5c0 1.1.9 2 2 2m1 3H4c-1.1 0-2 .9-2 2s.9 2 2 2h16c1.1 0 2-.9 2-2s-.9-2-2-2"
            />
          </svg>
        </span>
        <hr
          class="MuiDivider-root MuiDivider-middle MuiDivider-vertical MuiDivider-flexItem menu-divider css-16bghm4-MuiDivider-root"
        />
        <svg
          aria-hidden="true"
          class="MuiSvgIcon-root MuiSvgIcon-fontSizeMedium editor-menu-item css-i4bv87-MuiSvgIcon-root"
          data-testid="CodeIcon"
          focusable="false"
          viewBox="0 0 24 24"
        >
          <path
            d="M9.4 16.6 4.8 12l4.6-4.6L8 6l-6 6 6 6zm5.2 0 4.6-4.6-4.6-4.6L16 6l6 6-6 6z"
          />
        </svg>
        <svg
          aria-hidden="true"
          class="MuiSvgIcon-root MuiSvgIcon-fontSizeMedium editor-menu-item css-i4bv87-MuiSvgIcon-root"
          data-testid="DeveloperModeRoundedIcon"
          focusable="false"
          viewBox="0 0 24 24"
        >
          <path
            d="M7 5h10v1c0 .55.45 1 1 1s1-.45 1-1V3c0-1.1-.9-1.99-2-1.99L7 1c-1.1 0-2 .9-2 2v3c0 .55.45 1 1 1s1-.45 1-1zm9.12 10.88 3.17-3.17c.39-.39.39-1.02 0-1.41l-3.17-3.17c-.39-.39-1.03-.39-1.42 0-.39.39-.39 1.02 0 1.41L17.17 12l-2.47 2.47c-.39.39-.39 1.02 0 1.41.39.39 1.03.39 1.42 0m-6.83-1.42L6.83 12l2.46-2.46c.39-.39.39-1.02 0-1.41-.39-.39-1.03-.39-1.42 0L4.7 11.3c-.39.39-.39 1.02 0 1.41l3.17 3.17c.39.39 1.03.39 1.42 0 .4-.39.39-1.03 0-1.42M17 19H7v-1c0-.55-.45-1-1-1s-1 .45-1 1v3c0 1.1.9 2 2 2h10c1.1 0 2-.9 2-2v-3c0-.55-.45-1-1-1s-1 .45-1 1z"
          />
        </svg>
        <hr
          class="MuiDivider-root MuiDivider-middle MuiDivider-vertical MuiDivider-flexItem menu-divider css-16bghm4-MuiDivider-root"
        />
        <svg
          aria-hidden="true"
          class="MuiSvgIcon-root MuiSvgIcon-fontSizeMedium editor-menu-item css-i4bv87-MuiSvgIcon-root"
          data-testid="FormatAlignLeftRoundedIcon"
          focusable="false"
          viewBox="0 0 24 24"
        >
          <path
            d="M14 15H4c-.55 0-1 .45-1 1s.45 1 1 1h10c.55 0 1-.45 1-1s-.45-1-1-1m0-8H4c-.55 0-1 .45-1 1s.45 1 1 1h10c.55 0 1-.45 1-1s-.45-1-1-1M4 13h16c.55 0 1-.45 1-1s-.45-1-1-1H4c-.55 0-1 .45-1 1s.45 1 1 1m0 8h16c.55 0 1-.45 1-1s-.45-1-1-1H4c-.55 0-1 .45-1 1s.45 1 1 1M3 4c0 .55.45 1 1 1h16c.55 0 1-.45 1-1s-.45-1-1-1H4c-.55 0-1 .45-1 1"
          />
        </svg>
        <svg
          aria-hidden="true"
          class="MuiSvgIcon-root MuiSvgIcon-fontSizeMedium is-active editor-menu-item css-i4bv87-MuiSvgIcon-root"
          data-testid="FormatAlignLeftRoundedIcon"
          focusable="false"
          viewBox="0 0 24 24"
        >
          <path
            d="M14 15H4c-.55 0-1 .45-1 1s.45 1 1 1h10c.55 0 1-.45 1-1s-.45-1-1-1m0-8H4c-.55 0-1 .45-1 1s.45 1 1 1h10c.55 0 1-.45 1-1s-.45-1-1-1M4 13h16c.55 0 1-.45 1-1s-.45-1-1-1H4c-.55 0-1 .45-1 1s.45 1 1 1m0 8h16c.55 0 1-.45 1-1s-.45-1-1-1H4c-.55 0-1 .45-1 1s.45 1 1 1M3 4c0 .55.45 1 1 1h16c.55 0 1-.45 1-1s-.45-1-1-1H4c-.55 0-1 .45-1 1"
          />
        </svg>
        <svg
          aria-hidden="true"
          class="MuiSvgIcon-root MuiSvgIcon-fontSizeMedium editor-menu-item css-i4bv87-MuiSvgIcon-root"
          data-testid="FormatAlignCenterRoundedIcon"
          focusable="false"
          viewBox="0 0 24 24"
        >
          <path
            d="M7 16c0 .55.45 1 1 1h8c.55 0 1-.45 1-1s-.45-1-1-1H8c-.55 0-1 .45-1 1m-3 5h16c.55 0 1-.45 1-1s-.45-1-1-1H4c-.55 0-1 .45-1 1s.45 1 1 1m0-8h16c.55 0 1-.45 1-1s-.45-1-1-1H4c-.55 0-1 .45-1 1s.45 1 1 1m3-5c0 .55.45 1 1 1h8c.55 0 1-.45 1-1s-.45-1-1-1H8c-.55 0-1 .45-1 1M3 4c0 .55.45 1 1 1h16c.55 0 1-.45 1-1s-.45-1-1-1H4c-.55 0-1 .45-1 1"
          />
        </svg>
        <svg
          aria-hidden="true"
          class="MuiSvgIcon-root MuiSvgIcon-fontSizeMedium editor-menu-item css-i4bv87-MuiSvgIcon-root"
          data-testid="FormatAlignRightRoundedIcon"
          focusable="false"
          viewBox="0 0 24 24"
        >
          <path
            d="M4 21h16c.55 0 1-.45 1-1s-.45-1-1-1H4c-.55 0-1 .45-1 1s.45 1 1 1m6-4h10c.55 0 1-.45 1-1s-.45-1-1-1H10c-.55 0-1 .45-1 1s.45 1 1 1m-6-4h16c.55 0 1-.45 1-1s-.45-1-1-1H4c-.55 0-1 .45-1 1s.45 1 1 1m6-4h10c.55 0 1-.45 1-1s-.45-1-1-1H10c-.55 0-1 .45-1 1s.45 1 1 1M3 4c0 .55.45 1 1 1h16c.55 0 1-.45 1-1s-.45-1-1-1H4c-.55 0-1 .45-1 1"
          />
        </svg>
        <svg
          aria-hidden="true"
          class="MuiSvgIcon-root MuiSvgIcon-fontSizeMedium editor-menu-item css-i4bv87-MuiSvgIcon-root"
          data-testid="FormatAlignJustifyRoundedIcon"
          focusable="false"
          viewBox="0 0 24 24"
        >
          <path
            d="M4 21h16c.55 0 1-.45 1-1s-.45-1-1-1H4c-.55 0-1 .45-1 1s.45 1 1 1m0-4h16c.55 0 1-.45 1-1s-.45-1-1-1H4c-.55 0-1 .45-1 1s.45 1 1 1m0-4h16c.55 0 1-.45 1-1s-.45-1-1-1H4c-.55 0-1 .45-1 1s.45 1 1 1m0-4h16c.55 0 1-.45 1-1s-.45-1-1-1H4c-.55 0-1 .45-1 1s.45 1 1 1M3 4c0 .55.45 1 1 1h16c.55 0 1-.45 1-1s-.45-1-1-1H4c-.55 0-1 .45-1 1"
          />
        </svg>
        <hr
          class="MuiDivider-root MuiDivider-middle MuiDivider-vertical MuiDivider-flexItem menu-divider css-16bghm4-MuiDivider-root"
        />
        <svg
          aria-hidden="true"
          class="MuiSvgIcon-root MuiSvgIcon-fontSizeMedium editor-menu-item css-i4bv87-MuiSvgIcon-root"
          data-testid="FormatListBulletedIcon"
          focusable="false"
          viewBox="0 0 24 24"
        >
          <path
            d="M4 10.5c-.83 0-1.5.67-1.5 1.5s.67 1.5 1.5 1.5 1.5-.67 1.5-1.5-.67-1.5-1.5-1.5m0-6c-.83 0-1.5.67-1.5 1.5S3.17 7.5 4 7.5 5.5 6.83 5.5 6 4.83 4.5 4 4.5m0 12c-.83 0-1.5.68-1.5 1.5s.68 1.5 1.5 1.5 1.5-.68 1.5-1.5-.67-1.5-1.5-1.5M7 19h14v-2H7zm0-6h14v-2H7zm0-8v2h14V5z"
          />
        </svg>
        <svg
          aria-hidden="true"
          class="MuiSvgIcon-root MuiSvgIcon-fontSizeMedium editor-menu-item css-i4bv87-MuiSvgIcon-root"
          data-testid="FormatListNumberedIcon"
          focusable="false"
          viewBox="0 0 24 24"
        >
          <path
            d="M2 17h2v.5H3v1h1v.5H2v1h3v-4H2zm1-9h1V4H2v1h1zm-1 3h1.8L2 13.1v.9h3v-1H3.2L5 10.9V10H2zm5-6v2h14V5zm0 14h14v-2H7zm0-6h14v-2H7z"
          />
        </svg>
        <hr
          class="MuiDivider-root MuiDivider-middle MuiDivider-vertical MuiDivider-flexItem menu-divider css-16bghm4-MuiDivider-root"
        />
        <svg
          aria-hidden="true"
          class="MuiSvgIcon-root MuiSvgIcon-fontSizeMedium editor-menu-item css-i4bv87-MuiSvgIcon-root"
          data-testid="HorizontalRuleIcon"
          focusable="false"
          viewBox="0 0 24 24"
        >
          <path
            d="M4 11h16v2H4z"
            fill-rule="evenodd"
          />
        </svg>
        <svg
          aria-hidden="true"
          class="MuiSvgIcon-root MuiSvgIcon-fontSizeMedium editor-menu-item css-i4bv87-MuiSvgIcon-root"
          data-testid="InsertPageBreakOutlinedIcon"
          focusable="false"
          viewBox="0 0 24 24"
        >
          <path
            d="M18 20H6v-3H4v3c0 1.1.9 2 2 2h12c1.1 0 2-.9 2-2v-3h-2zM6 4h7v5h5v2h2V8l-6-6H6c-1.1 0-2 .9-2 2v7h2zm3 9h6v2H9zm8 0h6v2h-6zM1 13h6v2H1z"
          />
        </svg>
        <hr
          class="MuiDivider-root MuiDivider-middle MuiDivider-vertical MuiDivider-flexItem menu-divider css-16bghm4-MuiDivider-root"
        />
        <svg
          aria-hidden="true"
          class="MuiSvgIcon-root MuiSvgIcon-fontSizeMedium editor-menu-item css-i4bv87-MuiSvgIcon-root"
          data-testid="UndoIcon"
          focusable="false"
          viewBox="0 0 24 24"
        >
          <path
            d="M12.5 8c-2.65 0-5.05.99-6.9 2.6L2 7v9h9l-3.62-3.62c1.39-1.16 3.16-1.88 5.12-1.88 3.54 0 6.55 2.31 7.6 5.5l2.37-.78C21.08 11.03 17.15 8 12.5 8"
          />
        </svg>
        <svg
          aria-hidden="true"
          class="MuiSvgIcon-root MuiSvgIcon-fontSizeMedium editor-menu-item css-i4bv87-MuiSvgIcon-root"
          data-testid="RedoIcon"
          focusable="false"
          viewBox="0 0 24 24"
        >
          <path
            d="M18.4 10.6C16.55 8.99 14.15 8 11.5 8c-4.65 0-8.58 3.03-9.96 7.22L3.9 16c1.05-3.19 4.05-5.5 7.6-5.5 1.95 0 3.73.72 5.12 1.88L13 16h9V7z"
          />
        </svg>
        <hr
          class="MuiDivider-root MuiDivider-middle MuiDivider-vertical MuiDivider-flexItem menu-divider css-16bghm4-MuiDivider-root"
        />
        <span>
          <svg
            aria-hidden="true"
            class="MuiSvgIcon-root MuiSvgIcon-fontSizeMedium editor-menu-item css-i4bv87-MuiSvgIcon-root"
            data-testid="AddPhotoAlternateIcon"
            focusable="false"
            viewBox="0 0 24 24"
          >
            <path
              d="M19 7v2.99s-1.99.01-2 0V7h-3s.01-1.99 0-2h3V2h2v3h3v2zm-3 4V8h-3V5H5c-1.1 0-2 .9-2 2v12c0 1.1.9 2 2 2h12c1.1 0 2-.9 2-2v-8zM5 19l3-4 2 3 3-4 4 5z"
            />
          </svg>
        </span>
        <svg
          aria-hidden="true"
          class="MuiSvgIcon-root MuiSvgIcon-fontSizeMedium editor-menu-item css-i4bv87-MuiSvgIcon-root"
          data-testid="TableIcon"
          focusable="false"
          viewBox="0 0 24 24"
        >
          <path
            d="M4 21h15.893c1.103 0 2-.897 2-2V5c0-1.103-.897-2-2-2H4c-1.103 0-2 .897-2 2v14c0 1.103.897 2 2 2zm0-2v-5h4v5H4zM14 7v5h-4V7h4zM8 7v5H4V7h4zm2 12v-5h4v5h-4zm6 0v-5h3.894v5H16zm3.893-7H16V7h3.893v5z"
          />
        </svg>
      </div>
      <hr
        class="MuiDivider-root MuiDivider-fullWidth css-9mgopn-MuiDivider-root"
      />
      <div>
        <div
          class="tiptap ProseMirror"
          contenteditable="true"
          tabindex="0"
          translate="no"
        >
          <p
            class="is-empty is-editor-empty"
            data-placeholder="Can you add some further context?"
          >
            <br
              class="ProseMirror-trailingBreak"
            />
          </p>
        </div>
      </div>
    </div>
  </div>,
  "debug": [Function],
  "findAllByAltText": [Function],
  "findAllByDisplayValue": [Function],
  "findAllByLabelText": [Function],
  "findAllByPlaceholderText": [Function],
  "findAllByRole": [Function],
  "findAllByTestId": [Function],
  "findAllByText": [Function],
  "findAllByTitle": [Function],
  "findByAltText": [Function],
  "findByDisplayValue": [Function],
  "findByLabelText": [Function],
  "findByPlaceholderText": [Function],
  "findByRole": [Function],
  "findByTestId": [Function],
  "findByText": [Function],
  "findByTitle": [Function],
  "getAllByAltText": [Function],
  "getAllByDisplayValue": [Function],
  "getAllByLabelText": [Function],
  "getAllByPlaceholderText": [Function],
  "getAllByRole": [Function],
  "getAllByTestId": [Function],
  "getAllByText": [Function],
  "getAllByTitle": [Function],
  "getByAltText": [Function],
  "getByDisplayValue": [Function],
  "getByLabelText": [Function],
  "getByPlaceholderText": [Function],
  "getByRole": [Function],
  "getByTestId": [Function],
  "getByText": [Function],
  "getByTitle": [Function],
  "queryAllByAltText": [Function],
  "queryAllByDisplayValue": [Function],
  "queryAllByLabelText": [Function],
  "queryAllByPlaceholderText": [Function],
  "queryAllByRole": [Function],
  "queryAllByTestId": [Function],
  "queryAllByText": [Function],
  "queryAllByTitle": [Function],
  "queryByAltText": [Function],
  "queryByDisplayValue": [Function],
  "queryByLabelText": [Function],
  "queryByPlaceholderText": [Function],
  "queryByRole": [Function],
  "queryByTestId": [Function],
  "queryByText": [Function],
  "queryByTitle": [Function],
  "rerender": [Function],
  "unmount": [Function],
}
`;
